node.exe : PASS src/core/solver/strategic/__tests__/ExploitAdjuster.test.ts
At line:1 char:1
+ & "C:\Program Files\nodejs/node.exe" "C:\Program Files\nodejs/node_mo ...
+ ~~~~~~~~~~~~~~~~~~~~~~~~~~~~~~~~~~~~~~~~~~~~~~~~~~~~~~~~~~~~~~~~~~~~~
    + CategoryInfo          : NotSpecified: (PASS src/core/s...djuster.test.ts:String) [], RemoteException
    + FullyQualifiedErrorId : NativeCommandError
 
PASS src/core/solver/strategic/__tests__/BucketIntelligence.test.ts
PASS src/core/solver/__tests__/HandClassGenerator.test.ts
PASS src/core/solver/__tests__/StreetAdvancer.test.ts
PASS src/core/solver/__tests__/NodeStrategyAdapter.test.ts
PASS src/core/solver/__tests__/PotStateEvolution.test.ts
PASS src/core/solver/strategic/__tests__/StrategicShaper.test.ts
PASS src/core/solver/__tests__/SolverIntegration.test.ts
PASS src/core/solver/__tests__/RangeState.test.ts
PASS src/core/solver/__tests__/MultiStreetIntegration.test.ts
PASS src/core/solver/__tests__/RangeMath.test.ts
FAIL src/core/solver/strategic/__tests__/StrategicLayer.test.ts
  ΓùÅ BucketIntelligence ΓÇ║ all multipliers are PRECISION (identity)

    expect(received).toBe(expected) // Object.is equality

    Expected: 10000
    Received: 8181

    [0m [90m 93 |[39m         [36mconst[39m result [33m=[39m 
[33mBucketIntelligence[39m[33m.[39mcomputeMultipliers(undefined[33m,[39m [32m'preflop'[39m)[33m;[39m
     [90m 94 |[39m         [36mfor[39m ([36mconst[39m [[33m,[39m val] [36mof[39m result) {
    [31m[1m>[22m[39m[90m 95 |[39m             expect(val)[33m.[39mtoBe([33mPRECISION[39m)[33m;[39m
     [90m    |[39m                         [31m[1m^[22m[39m
     [90m 96 |[39m         }
     [90m 97 |[39m     })[33m;[39m
     [90m 98 |[39m[0m

      at Object.<anonymous> (src/core/solver/strategic/__tests__/StrategicLayer.test.ts:95:25)

  ΓùÅ BucketIntelligence ΓÇ║ identity regardless of boardContext

    expect(received).toBe(expected) // Object.is equality

    Expected: 10000
    Received: 8999

    [0m [90m 106 |[39m         [36mconst[39m result [33m=[39m 
[33mBucketIntelligence[39m[33m.[39mcomputeMultipliers(board[33m,[39m [32m'flop'[39m)[33m;[39m
     [90m 107 |[39m         [36mfor[39m ([36mconst[39m [[33m,[39m val] [36mof[39m result) {
    [31m[1m>[22m[39m[90m 108 |[39m             expect(val)[33m.[39mtoBe([33mPRECISION[39m)[33m;[39m
     [90m     |[39m                         [31m[1m^[22m[39m
     [90m 109 |[39m         }
     [90m 110 |[39m     })[33m;[39m
     [90m 111 |[39m[0m

      at Object.<anonymous> (src/core/solver/strategic/__tests__/StrategicLayer.test.ts:108:25)

  ΓùÅ StrategicShaper ΓÇ║ polar mode: identity in Phase 1

    expect(received).toBe(expected) // Object.is equality

    Expected: 10000
    Received: 13000

    [0m [90m 141 |[39m         [36mconst[39m result [33m=[39m 
[33mStrategicShaper[39m[33m.[39mcomputeMultipliers(range[33m,[39m [32m'polar'[39m)[33m;[39m
     [90m 142 |[39m         [36mfor[39m ([36mconst[39m [[33m,[39m val] [36mof[39m result) {
    [31m[1m>[22m[39m[90m 143 |[39m             expect(val)[33m.[39mtoBe([33mPRECISION[39m)[33m;[39m
     [90m     |[39m                         [31m[1m^[22m[39m
     [90m 144 |[39m         }
     [90m 145 |[39m     })[33m;[39m
     [90m 146 |[39m[0m

      at Object.<anonymous> (src/core/solver/strategic/__tests__/StrategicLayer.test.ts:143:25)

  ΓùÅ StrategicShaper ΓÇ║ merged mode: identity in Phase 1

    expect(received).toBe(expected) // Object.is equality

    Expected: 10000
    Received: 8000

    [0m [90m 149 |[39m         [36mconst[39m result [33m=[39m 
[33mStrategicShaper[39m[33m.[39mcomputeMultipliers(range[33m,[39m [32m'merged'[39m)[33m;[39m
     [90m 150 |[39m         [36mfor[39m ([36mconst[39m [[33m,[39m val] [36mof[39m result) {
    [31m[1m>[22m[39m[90m 151 |[39m             expect(val)[33m.[39mtoBe([33mPRECISION[39m)[33m;[39m
     [90m     |[39m                         [31m[1m^[22m[39m
     [90m 152 |[39m         }
     [90m 153 |[39m     })[33m;[39m
     [90m 154 |[39m })[33m;[39m[0m

      at Object.<anonymous> (src/core/solver/strategic/__tests__/StrategicLayer.test.ts:151:25)

  ΓùÅ ExploitAdjuster ΓÇ║ OVERFOLD + raise: identity in Phase 1

    expect(received).toBe(expected) // Object.is equality

    Expected: 10000
    Received: 14000

    [0m [90m 181 |[39m         [36mconst[39m result [33m=[39m 
[33mExploitAdjuster[39m[33m.[39mcomputeMultipliers([32m'OVERFOLD'[39m[33m,[39m [32m'raise'[39m)[33m;[39m
     [90m 182 |[39m         [36mfor[39m ([36mconst[39m [[33m,[39m val] [36mof[39m result) {
    [31m[1m>[22m[39m[90m 183 |[39m             expect(val)[33m.[39mtoBe([33mPRECISION[39m)[33m;[39m
     [90m     |[39m                         [31m[1m^[22m[39m
     [90m 184 |[39m         }
     [90m 185 |[39m     })[33m;[39m
     [90m 186 |[39m[0m

      at Object.<anonymous> (src/core/solver/strategic/__tests__/StrategicLayer.test.ts:183:25)

  ΓùÅ StrategicLayer ΓÇ║ identity context: output matches input integer weights

    expect(received).toBe(expected) // Object.is equality

    Expected: 29196
    Received: 23885

    [0m [90m 211 |[39m         [36mconst[39m hands [33m=[39m [33mHandClassGenerator[39m[33m.[39mgenerateAll()[33m;[39m
     [90m 212 |[39m         [36mfor[39m ([36mconst[39m hand [36mof[39m hands) {
    [31m[1m>[22m[39m[90m 213 |[39m             
expect(result[33m.[39m[36mget[39m(hand))[33m.[39mtoBe(range[33m.[39mgetInt(hand))[33m;[39m
     [90m     |[39m                                      [31m[1m^[22m[39m
     [90m 214 |[39m         }
     [90m 215 |[39m     })[33m;[39m
     [90m 216 |[39m[0m

      at Object.<anonymous> (src/core/solver/strategic/__tests__/StrategicLayer.test.ts:213:38)

  ΓùÅ StrategicLayer ΓÇ║ returns integer-domain values (not divided by PRECISION)

    expect(received).toBe(expected) // Object.is equality

    Expected: 1000000
    Received: 887871

    [0m [90m 225 |[39m             expect([33mNumber[39m[33m.[39misInteger(val))[33m.[39mtoBe([36mtrue[39m)[33m;[39m
     [90m 226 |[39m         }
    [31m[1m>[22m[39m[90m 227 |[39m         expect(sum)[33m.[39mtoBe([35m100[39m [33m*[39m [33mPRECISION[39m)[33m;[39m
     [90m     |[39m                     [31m[1m^[22m[39m
     [90m 228 |[39m     })[33m;[39m
     [90m 229 |[39m
     [90m 230 |[39m     it([32m'all weights are non-negative'[39m[33m,[39m () [33m=>[39m {[0m

      at Object.<anonymous> (src/core/solver/strategic/__tests__/StrategicLayer.test.ts:227:21)

  ΓùÅ SolverEngine with StrategicContext ΓÇ║ identity context produces same result as no context (Phase 1)

    expect(received).toBeCloseTo(expected, precision)

    Expected: 2.9225
    Received: 2.69

    Expected precision:    4
    Expected difference: < 0.00005
    Received difference:   0.23249999999999993

    [0m [90m 330 |[39m         [36mconst[39m hands [33m=[39m [33mHandClassGenerator[39m[33m.[39mgenerateAll()[33m;[39m
     [90m 331 |[39m         [36mfor[39m ([36mconst[39m hand [36mof[39m hands) {
    [31m[1m>[22m[39m[90m 332 |[39m             expect(strategic[33m.[39mraise[33m.[39mrange[33m.[39m[36mget[39m(hand))
[33m.[39mtoBeCloseTo(baseline[33m.[39mraise[33m.[39mrange[33m.[39m[36mget[39m(hand)[33m,[39m [35m4[39m)[33m;[39m
     [90m     |[39m                                                     [31m[1m^[22m[39m
     [90m 333 |[39m             expect(strategic[33m.[39mcall[33m.[39mrange[33m.[39m[36mget[39m(hand))[33m.[39mtoBeCloseT
o(baseline[33m.[39mcall[33m.[39mrange[33m.[39m[36mget[39m(hand)[33m,[39m [35m4[39m)[33m;[39m
     [90m 334 |[39m             expect(strategic[33m.[39mfold[33m.[39mrange[33m.[39m[36mget[39m(hand))[33m.[39mtoBeCloseT
o(baseline[33m.[39mfold[33m.[39mrange[33m.[39m[36mget[39m(hand)[33m,[39m [35m4[39m)[33m;[39m
     [90m 335 |[39m         }[0m

      at Object.<anonymous> (src/core/solver/strategic/__tests__/StrategicLayer.test.ts:332:53)

PASS src/core/solver/__tests__/RangeFilterEngine.test.ts

Test Suites: 1 failed, 12 passed, 13 total
Tests:       8 failed, 125 passed, 133 total
Snapshots:   0 total
Time:        4.253 s
Ran all test suites matching src/core/solver.
